// Jest Snapshot v1, https://goo.gl/fbAQLP

exports[`Gallery is rendering matches snapshot 1`] = `
<DocumentFragment>
  <section>
    <h1
      data-testid="h1tag"
    >
      Front-End_Projects
    </h1>
    <p>
      Front-End_Projects
    </p>
    <div>
      <div
        class="flex-row"
      >
        <img
          alt="Cat green eyes"
          class="img-thumbnail mx-1"
          data-testid="img0"
          src="0.jpg"
        />
        <img
          alt="Green parrot"
          class="img-thumbnail mx-1"
          data-testid="img1"
          src="1.jpg"
        />
        <img
          alt="Yellow macaw"
          class="img-thumbnail mx-1"
          data-testid="img2"
          src="2.jpg"
        />
        <img
          alt="Pug smile"
          class="img-thumbnail mx-1"
          data-testid="img3"
          src="3.jpg"
        />
      </div>
    </div>
  </section>
</DocumentFragment>
`;
